[
{"id":"Polygon1","type":"Feature","properties":{"FID":1},"geometry":{"type":"Polygon","coordinates":[[[0,0],[0,4],[4,4],[4,0],[0,0]],[[1,1],[3,1],[3,3],[1,3],[1,1]]]}},
{"id":"Polygon0","type":"Feature","properties":{"FID":0},"geometry":{"type":"Polygon","coordinates":[[[0,0],[0,1],[1,1],[1,0],[0,0]]]}},
{"id":"Point8","type":"Feature","properties":{"FID":8},"geometry":{"type":"Point","coordinates":[17,18]}},
{"id":"Point7","type":"Feature","properties":{"FID":7},"geometry":{"type":"Point","coordinates":[15,16]}},
{"id":"Point6","type":"Feature","properties":{"FID":6},"geometry":{"type":"Point","coordinates":[13,14]}},
{"id":"Point5","type":"Feature","properties":{"FID":5},"geometry":{"type":"Point","coordinates":[11,12]}},
{"id":"Point4","type":"Feature","properties":{"FID":4},"geometry":{"type":"Point","coordinates":[9,10]}},
{"id":"Point3","type":"Feature","properties":{"FID":3},"geometry":{"type":"Point","coordinates":[7,8]}},
{"id":"Point2","type":"Feature","properties":{"FID":2},"geometry":{"type":"Point","coordinates":[5,6]}},
{"id":"Point1","type":"Feature","properties":{"FID":1},"geometry":{"type":"Point","coordinates":[3,4]}},
{"id":"Point0","type":"Feature","properties":{"FID":0},"geometry":{"type":"Point","coordinates":[1,2]}},
{"id":"MultiPolygon2","type":"Feature","properties":{"FID":2},"geometry":{"type":"MultiPolygon","coordinates":[[[[2,2],[2,3],[3,3],[3,2],[2,2]]],[[[4,4],[4,5],[5,5],[5,4],[4,4]]]]}}
]