{
  "name": "codify missing value",
  "type": "engram",
  "smt": {
   "model": "csv",
   "locus": "./test/_data/input/",
   "schema": "foo_missing.csv",
   "key": "*"
  },
 "fields": [
  {
   "name": "Foo",
   "type": "keyword",
   "size": 7
  },
  {
   "name": "Bar",
   "type": "text",
   "size": 13
  },
  {
   "name": "Baz",
   "type": "integer"
  },
  {
   "name": "Fobe",
   "type": "number"
  },
  {
   "name": "Dt Test",
   "type": "date"
  },
  {
   "name": "enabled",
   "type": "boolean"
  }
 ]
}
