"fie","foo","bar","baz","dt_test","state"
"where's fum?","first","row",123,2018-10-07,"unknown"
