[
 "foo_schema_etl",
 "foo_load",
 "foo_schema",
 "foo_schema_01",
 "foo_schema_two",
 "foo_schema_lg",
 "foo_transfer",
 "foo_widgets",
 "foo_schema_etl2",
 "foo_dbtransform"
]
