[
  {"Foo":"eighth","Bar":"bigger data","Baz":12,"Fobe":3.44,"Dt Test":"2018-10-10T00:00:00.000Z","enabled":false},
  {"Foo":"fifth","Bar":"downstream","Baz":-12,"Fobe":19,"Dt Test":"2018-10-18T00:00:00.000Z","enabled":true},
  {"Foo":"first","Bar":"row","Baz":123,"Fobe":1,"Dt Test":"2018-10-06T19:00:00.000Z","enabled":true},
  {"Foo":"fourth","Bar":" boat ","Baz":0,"Fobe":4.3,"Dt Test":"2018-10-10T09:13:30.500Z","enabled":false},
  {"Foo":"one-o-five","Bar":"Lincoln","Baz":105,"Fobe":null,"Dt Test":null,"enabled":false},
  {"Foo":"one-ten","Bar":"Hamilton","Baz":110,"Fobe":null,"Dt Test":null,"enabled":false},
  {"Foo":"one-twenty","Bar":"Jackson","Baz":120,"Fobe":null,"Dt Test":null,"enabled":false},
  {"Foo":"second","Bar":"row","Baz":456,"Fobe":2.1,"Dt Test":"2018-10-07T00:00:00.000Z","enabled":false},
  {"Foo":"seventh","Bar":"big data","Baz":1000000,"Fobe":4000.3,"Dt Test":"2018-10-10T14:13:30.000Z","enabled":false},
  {"Foo":"sixth","Bar":null,"Baz":null,"Fobe":null,"Dt Test":null,"enabled":false},
  {"Foo":"ten","Bar":"Hamilton","Baz":10,"Fobe":0.1,"Dt Test":"2020-10-07T00:00:00.000Z","enabled":false},
  {"Foo":"third","Bar":"row your boat","Baz":789,"Fobe":3,"Dt Test":"2018-10-18T00:00:00.000Z","enabled":true},
  {"Foo":"twenty","Bar":"Jackson","Baz":30,"Fobe":20.2,"Dt Test":"2020-10-07T08:00:00.000Z","enabled":false}
  ]
