[
{"number":1,"name":"Tonight","startTime":"2022-05-12T00:00:00.000Z","endTime":"2022-05-12T11:00:00.000Z","isDaytime":false,"temperature":72,"temperatureUnit":"F","temperatureTrend":null,"windSpeed":"5 to 15 mph","windDirection":"S","icon":"https://api.weather.gov/icons/land/night/sct?size=medium","shortForecast":"Partly Cloudy","detailedForecast":"Partly cloudy, with a low around 72. South wind 5 to 15 mph."},
{"number":2,"name":"Thursday","startTime":"2022-05-12T11:00:00.000Z","endTime":"2022-05-12T23:00:00.000Z","isDaytime":true,"temperature":92,"temperatureUnit":"F","temperatureTrend":null,"windSpeed":"5 to 15 mph","windDirection":"S","icon":"https://api.weather.gov/icons/land/day/few?size=medium","shortForecast":"Sunny","detailedForecast":"Sunny, with a high near 92. South wind 5 to 15 mph, with gusts as high as 25 mph."},
{"number":3,"name":"Thursday Night","startTime":"2022-05-12T23:00:00.000Z","endTime":"2022-05-13T11:00:00.000Z","isDaytime":false,"temperature":68,"temperatureUnit":"F","temperatureTrend":null,"windSpeed":"10 to 15 mph","windDirection":"S","icon":"https://api.weather.gov/icons/land/night/few/tsra_hi,20?size=medium","shortForecast":"Mostly Clear then Slight Chance Showers And Thunderstorms","detailedForecast":"A slight chance of showers and thunderstorms after 1am. Mostly clear, with a low around 68. South wind 10 to 15 mph, with gusts as high as 25 mph. Chance of precipitation is 20%. New rainfall amounts less than a tenth of an inch possible."},
{"number":4,"name":"Friday","startTime":"2022-05-13T11:00:00.000Z","endTime":"2022-05-13T23:00:00.000Z","isDaytime":true,"temperature":87,"temperatureUnit":"F","temperatureTrend":null,"windSpeed":"5 to 10 mph","windDirection":"S","icon":"https://api.weather.gov/icons/land/day/tsra_hi,20/tsra_hi,60?size=medium","shortForecast":"Showers And Thunderstorms Likely","detailedForecast":"Showers and thunderstorms likely. Mostly sunny, with a high near 87. South wind 5 to 10 mph. Chance of precipitation is 60%. New rainfall amounts between a quarter and half of an inch possible."},
{"number":5,"name":"Friday Night","startTime":"2022-05-13T23:00:00.000Z","endTime":"2022-05-14T11:00:00.000Z","isDaytime":false,"temperature":63,"temperatureUnit":"F","temperatureTrend":null,"windSpeed":"0 to 5 mph","windDirection":"W","icon":"https://api.weather.gov/icons/land/night/tsra_sct,70?size=medium","shortForecast":"Showers And Thunderstorms Likely","detailedForecast":"Showers and thunderstorms likely before 10pm, then showers and thunderstorms likely between 10pm and 1am, then a chance of showers and thunderstorms. Mostly cloudy, with a low around 63. Chance of precipitation is 70%. New rainfall amounts between a half and three quarters of an inch possible."},
{"number":6,"name":"Saturday","startTime":"2022-05-14T11:00:00.000Z","endTime":"2022-05-14T23:00:00.000Z","isDaytime":true,"temperature":81,"temperatureUnit":"F","temperatureTrend":null,"windSpeed":"0 to 5 mph","windDirection":false,"icon":"https://api.weather.gov/icons/land/day/tsra_hi,50/sct?size=medium","shortForecast":"Chance Showers And Thunderstorms then Mostly Sunny","detailedForecast":"A chance of showers and thunderstorms before 7am. Mostly sunny, with a high near 81. Chance of precipitation is 50%. New rainfall amounts less than a tenth of an inch possible."},
{"number":7,"name":"Saturday Night","startTime":"2022-05-14T23:00:00.000Z","endTime":"2022-05-15T11:00:00.000Z","isDaytime":false,"temperature":59,"temperatureUnit":"F","temperatureTrend":null,"windSpeed":"0 to 5 mph","windDirection":"NW","icon":"https://api.weather.gov/icons/land/night/tsra_hi/tsra_hi,30?size=medium","shortForecast":"Chance Showers And Thunderstorms","detailedForecast":"A chance of showers and thunderstorms after 7pm. Partly cloudy, with a low around 59. Chance of precipitation is 30%."},
{"number":8,"name":"Sunday","startTime":"2022-05-15T11:00:00.000Z","endTime":"2022-05-15T23:00:00.000Z","isDaytime":true,"temperature":74,"temperatureUnit":"F","temperatureTrend":null,"windSpeed":"5 to 10 mph","windDirection":"NW","icon":"https://api.weather.gov/icons/land/day/rain_showers,30/tsra_hi,40?size=medium","shortForecast":"Chance Rain Showers","detailedForecast":"A chance of rain showers before 1pm, then a chance of showers and thunderstorms. Mostly sunny, with a high near 74. Chance of precipitation is 40%."},
{"number":9,"name":"Sunday Night","startTime":"2022-05-15T23:00:00.000Z","endTime":"2022-05-16T11:00:00.000Z","isDaytime":false,"temperature":54,"temperatureUnit":"F","temperatureTrend":null,"windSpeed":"5 mph","windDirection":"NW","icon":"https://api.weather.gov/icons/land/night/tsra_hi,40/tsra_hi?size=medium","shortForecast":"Chance Showers And Thunderstorms","detailedForecast":"A chance of showers and thunderstorms before 1am. Mostly clear, with a low around 54. Chance of precipitation is 40%."},
{"number":10,"name":"Monday","startTime":"2022-05-16T11:00:00.000Z","endTime":"2022-05-16T23:00:00.000Z","isDaytime":true,"temperature":75,"temperatureUnit":"F","temperatureTrend":null,"windSpeed":"5 to 15 mph","windDirection":"NW","icon":"https://api.weather.gov/icons/land/day/few?size=medium","shortForecast":"Sunny","detailedForecast":"Sunny, with a high near 75."},
{"number":11,"name":"Monday Night","startTime":"2022-05-16T23:00:00.000Z","endTime":"2022-05-17T11:00:00.000Z","isDaytime":false,"temperature":52,"temperatureUnit":"F","temperatureTrend":null,"windSpeed":"5 to 10 mph","windDirection":false,"icon":"https://api.weather.gov/icons/land/night/sct/rain_showers?size=medium","shortForecast":"Partly Cloudy then Slight Chance Rain Showers","detailedForecast":"A slight chance of rain showers after 1am. Partly cloudy, with a low around 52."},
{"number":12,"name":"Tuesday","startTime":"2022-05-17T11:00:00.000Z","endTime":"2022-05-17T23:00:00.000Z","isDaytime":true,"temperature":74,"temperatureUnit":"F","temperatureTrend":null,"windSpeed":"5 to 10 mph","windDirection":"NE","icon":"https://api.weather.gov/icons/land/day/rain_showers/rain_showers,30?size=medium","shortForecast":"Chance Rain Showers","detailedForecast":"A chance of rain showers. Mostly sunny, with a high near 74. Chance of precipitation is 30%."},
{"number":13,"name":"Tuesday Night","startTime":"2022-05-17T23:00:00.000Z","endTime":"2022-05-18T11:00:00.000Z","isDaytime":false,"temperature":55,"temperatureUnit":"F","temperatureTrend":null,"windSpeed":"5 mph","windDirection":"E","icon":"https://api.weather.gov/icons/land/night/rain_showers,30/tsra_hi,30?size=medium","shortForecast":"Chance Rain Showers","detailedForecast":"A chance of rain showers before 1am, then a chance of showers and thunderstorms. Partly cloudy, with a low around 55. Chance of precipitation is 30%."},
{"number":14,"name":"Wednesday","startTime":"2022-05-18T11:00:00.000Z","endTime":"2022-05-18T23:00:00.000Z","isDaytime":true,"temperature":78,"temperatureUnit":"F","temperatureTrend":null,"windSpeed":"10 to 15 mph","windDirection":"SE","icon":"https://api.weather.gov/icons/land/day/tsra_hi,30?size=medium","shortForecast":"Chance Showers And Thunderstorms","detailedForecast":"A chance of showers and thunderstorms. Mostly sunny, with a high near 78. Chance of precipitation is 30%."}
]