[
{"name":"Tonight","temperature":72,"temperatureUnit":"F","windSpeed":"5 to 15 mph","windDirection":"S","shortForecast":"Partly Cloudy"},
{"name":"Thursday","temperature":92,"temperatureUnit":"F","windSpeed":"5 to 15 mph","windDirection":"S","shortForecast":"Sunny"},
{"name":"Thursday Night","temperature":68,"temperatureUnit":"F","windSpeed":"10 to 15 mph","windDirection":"S","shortForecast":"Mostly Clear then Slight Chance Showers And Thunderstorms"},
{"name":"Friday","temperature":87,"temperatureUnit":"F","windSpeed":"5 to 10 mph","windDirection":"S","shortForecast":"Showers And Thunderstorms Likely"},
{"name":"Friday Night","temperature":63,"temperatureUnit":"F","windSpeed":"0 to 5 mph","windDirection":"W","shortForecast":"Showers And Thunderstorms Likely"},
{"name":"Saturday","temperature":81,"temperatureUnit":"F","windSpeed":"0 to 5 mph","windDirection":false,"shortForecast":"Chance Showers And Thunderstorms then Mostly Sunny"},
{"name":"Saturday Night","temperature":59,"temperatureUnit":"F","windSpeed":"0 to 5 mph","windDirection":"NW","shortForecast":"Chance Showers And Thunderstorms"},
{"name":"Sunday","temperature":74,"temperatureUnit":"F","windSpeed":"5 to 10 mph","windDirection":"NW","shortForecast":"Chance Rain Showers"},
{"name":"Sunday Night","temperature":54,"temperatureUnit":"F","windSpeed":"5 mph","windDirection":"NW","shortForecast":"Chance Showers And Thunderstorms"},
{"name":"Monday","temperature":75,"temperatureUnit":"F","windSpeed":"5 to 15 mph","windDirection":"NW","shortForecast":"Sunny"},
{"name":"Monday Night","temperature":52,"temperatureUnit":"F","windSpeed":"5 to 10 mph","windDirection":false,"shortForecast":"Partly Cloudy then Slight Chance Rain Showers"},
{"name":"Tuesday","temperature":74,"temperatureUnit":"F","windSpeed":"5 to 10 mph","windDirection":"NE","shortForecast":"Chance Rain Showers"},
{"name":"Tuesday Night","temperature":55,"temperatureUnit":"F","windSpeed":"5 mph","windDirection":"E","shortForecast":"Chance Rain Showers"},
{"name":"Wednesday","temperature":78,"temperatureUnit":"F","windSpeed":"10 to 15 mph","windDirection":"SE","shortForecast":"Chance Showers And Thunderstorms"}
]