"fie","dt_test","foo","bar","baz","state"
"where's fum?",2018-10-07,first,row,123,
