{
  "name": "codify",
  "type": "engram",
  "smt": {
    "model": "elasticsearch",
    "locus": "http://dev.dictadata.net:9200",
    "schema": "foo_schema",
    "key": "!Foo"
  },
  "fields": [
    {
      "name": "Foo",
      "type": "keyword",
      "size": 7
    },
    {
      "name": "Bar",
      "type": "text",
      "size": 13
    },
    {
      "name": "Baz",
      "type": "integer"
    },
    {
      "name": "Fobe",
      "type": "number"
    },
    {
      "name": "Dt Test",
      "type": "date"
    },
    {
      "name": "enabled",
      "type": "boolean"
    }
  ]
}
