[
{"Foo":"second","Bar":"row","Baz":456,"Fobe":2.1,"Dt Test":"2018-10-07T05:00:00.000Z","enabled":false,"subObj1":{"state":"stopped"},"subObj2":{"subsub":{"izze":88}},"tags":["one","two"]},
{"Foo":"fifth","Bar":"downstream","Baz":-12,"Fobe":19,"Dt Test":"2018-10-18T05:00:00.000Z","enabled":true,"subObj1":{"ex-state":"down"},"subObj2":{"subsub":{"izze":21}},"tags":["one","twenty"]},
{"Foo":"third","Bar":"row your boat","Baz":789,"Fobe":3,"Dt Test":"2018-10-18T05:00:00.000Z","enabled":true,"subObj1":{"state":"paused"},"subObj2":{"subsub":{"izze":33}},"tags":["one","two","three"]},
{"Foo":"sixth","Bar":null,"Baz":null,"Fobe":null,"Dt Test":null,"enabled":false}
]