[
  {
   "name": "foo_schema_two",
   "type": "engram",
   "source": "modified foo_schema.engram.json",
   "description": "just two fields: Foo Bar",
   "tags": [
    "dictadata",
    "foo",
    "test"
   ],
   "smt": {
    "model": "json",
    "locus": "./test/_data/input/",
    "schema": "foofile.json",
    "key": "*"
   },
   "fields": [
    {
     "name": "Foo",
     "type": "keyword",
     "size": 64,
     "default": null,
     "nullable": false,
     "key": 1,
     "label": "Foo"
    },
    {
     "name": "Bar",
     "type": "text",
     "size": 256,
     "default": null,
     "nullable": true,
     "key": 2,
     "label": "Bar"
    }
   ]
  }
 ]
