{
  "foo:foo_transfer": {
   "domain": "foo",
   "name": "foo_transfer",
   "type": "tract",
   "title": "JSON to JSON",
   "description": "JSON to JSON transfer tract.",
   "notes": "tract definitions: 1",
   "tags": [
    "dictadata.net",
    "foo",
    "json"
   ],
   "tracts": [
    {
     "name": "json-json",
     "action": "transfer",
     "description": "transfer foo from json to json",
     "origin": {
      "smt": "json|./test/data/input/|foofile.json|*"
     },
     "terminal": {
      "smt": "json|./test/data/output/cortex/|transfer_foofile.json|*"
     }
    }
   ]
  }
 }
