[
{"Foo":"third","Bar":"row your boat","Baz":789,"Fobe":3,"Dt Test":"2018-10-18T05:00:00.000Z","enabled":true},
{"Foo":"first","Bar":"row","Baz":123,"Fobe":1,"Dt Test":"2018-10-07T00:00:00.000Z","enabled":true},
{"Foo":"second","Bar":"row","Baz":456,"Fobe":2.1,"Dt Test":"2018-10-07T05:00:00.000Z","enabled":false},
{"Foo":"fourth","Bar":" boat ","Baz":0,"Fobe":4.3,"Dt Test":"2018-10-10T14:13:30.500Z","enabled":false}
]