{
  "resultCode": 409,
  "resultMessage": "index exists"
}
