[
 {
  "name": "2020_TL_Shapefiles_File_Name_Definitions.pdf",
  "type": 1,
  "size": 63380,
  "rawModifiedAt": "Aug 10 2021",
  "permissions": {
   "user": 6,
   "group": 6,
   "world": 4
  },
  "hardLinkCount": 1,
  "group": "4009",
  "user": "hanno304",
  "rpath": "2020_TL_Shapefiles_File_Name_Definitions.pdf"
 }
]