first,"row",123,1,2018-10-07,true
second,"row",456,2.1,2018-10-07T05:00:00.000Z,false
third,"row your boat",789,3,2018-10-18T05:00:00.000Z,true
fourth," boat ",0,4.3,2018-10-10T14:13:30.500Z,false
fifth,"downstream",-12,19,2018-10-18T05:00:00.000Z,true
sixth,,,,,
seventh,"big data*",1000000,4000.3,2018-10-10T19:13:30.000Z,false
eighth,"(bigger data)",12,3.44,2018-10-10T05:00:00.000Z,false
