{
 "name": "*",
 "type": "engram",
 "smt": {
  "model": "any",
  "locus": "*",
  "schema": "*",
  "key": "*"
 },
 "fields": [
  "keyword",
  "text",
  "integer",
  "number",
  "date",
  "boolean"
 ]
}