{
  "name": "types_only",
  "type": "engram",
  "smt": {
   "model": "json",
   "locus": "./test/data/input/",
   "schema": "foofile.json",
   "key": "*"
  },
 "fields": [
  "keyword",
  "text",
  "integer",
  "number",
  "date",
  "boolean"
 ]
}
