[
{"fie":"where's fum?","foo":"first","bar":"row","baz":123,"dt_test":"2018-10-07T00:00:00.000Z","state":"unknown"}
]