{
 "foo_schema_short": {
  "name": "foo_schema_short",
  "type": "engram",
  "smt": {
   "model": "*",
   "locus": "*",
   "schema": "foo_schema_short",
   "key": "*"
  },
  "fields": [
   {
    "name": "Foo",
    "type": "keyword",
    "size": 64,
    "key": 1
   },
   {
    "name": "Bar",
    "type": "keyword",
    "size": 64
   },
   {
    "name": "Baz",
    "type": "integer"
   },
   {
    "name": "Fobe",
    "type": "number"
   },
   {
    "name": "Dt Test",
    "type": "date"
   },
   {
    "name": "enabled",
    "type": "boolean"
   }
  ]
 },
 "foo_schema_typesonly": {
  "name": "foo_schema_typesonly",
  "type": "engram",
  "smt": {
   "model": "*",
   "locus": "*",
   "schema": "*",
   "key": "*"
  },
  "fields": [
   {
    "name": "Foo",
    "type": "keyword",
    "key": 1
   },
   {
    "name": "Bar",
    "type": "keyword"
   },
   {
    "name": "Baz",
    "type": "integer"
   },
   {
    "name": "Fobe",
    "type": "number"
   },
   {
    "name": "Dt Test",
    "type": "date"
   },
   {
    "name": "enabled",
    "type": "boolean"
   }
  ]
 },
 "foo_schema": {
  "name": "foo_schema",
  "type": "engram",
  "smt": {
   "model": "*",
   "locus": "*",
   "schema": "foo_schema",
   "key": "*"
  },
  "fields": [
   {
    "name": "Foo",
    "type": "keyword",
    "size": 64,
    "default": null,
    "nullable": false,
    "key": 1,
    "label": "Foo"
   },
   {
    "name": "Bar",
    "type": "keyword",
    "size": 64,
    "default": null,
    "nullable": true,
    "label": "Bar"
   },
   {
    "name": "Baz",
    "type": "integer",
    "size": 0,
    "default": null,
    "nullable": true,
    "label": "Baz"
   },
   {
    "name": "Fobe",
    "type": "number",
    "size": 0,
    "default": null,
    "nullable": true,
    "label": "Fobe"
   },
   {
    "name": "Dt Test",
    "type": "date",
    "size": 0,
    "default": null,
    "nullable": true,
    "label": "Dt Test"
   },
   {
    "name": "enabled",
    "type": "boolean",
    "size": 0,
    "default": null,
    "nullable": true,
    "label": "enabled"
   }
  ]
 }
}