[
 {
  "name": "foofile_01.json",
  "type": "-",
  "size": 2057,
  "date": "2021-12-18T16:17:00.000Z",
  "rpath": "dictadata.net/data/input/foofile_01.json"
 },
 {
  "name": "foofile_02.json",
  "type": "-",
  "size": 2599,
  "date": "2021-12-18T16:17:00.000Z",
  "rpath": "dictadata.net/data/input/foofile_02.json"
 },
 {
  "name": "foofile_03.json",
  "type": "-",
  "size": 1729,
  "date": "2020-03-30T05:55:00.000Z",
  "rpath": "dictadata.net/data/input/foofile_03.json"
 },
 {
  "name": "foofile_two.json",
  "type": "-",
  "size": 452,
  "date": "2021-12-18T16:17:00.000Z",
  "rpath": "dictadata.net/data/input/foofile_two.json"
 },
 {
  "name": "foofile_01.json",
  "type": "-",
  "size": 1729,
  "date": "2021-06-25T21:59:00.000Z",
  "rpath": "dictadata.net/data/output/uploads/foofile_01.json"
 },
 {
  "name": "foofile_02.json",
  "type": "-",
  "size": 1729,
  "date": "2021-06-25T21:59:00.000Z",
  "rpath": "dictadata.net/data/output/uploads/foofile_02.json"
 },
 {
  "name": "foofile_03.json",
  "type": "-",
  "size": 1729,
  "date": "2021-06-25T21:59:00.000Z",
  "rpath": "dictadata.net/data/output/uploads/foofile_03.json"
 },
 {
  "name": "foofile_01.json",
  "type": "-",
  "size": 2057,
  "date": "2022-05-11T23:48:00.000Z",
  "rpath": "output/uploads/foofile_01.json"
 },
 {
  "name": "foofile_03.json",
  "type": "-",
  "size": 1729,
  "date": "2022-05-11T23:48:00.000Z",
  "rpath": "output/uploads/foofile_03.json"
 },
 {
  "name": "foofile_two.json",
  "type": "-",
  "size": 452,
  "date": "2022-05-11T23:48:00.000Z",
  "rpath": "output/uploads/foofile_two.json"
 }
]
