{
 "status": 0,
 "message": "OK",
 "type": "message",
 "data": {
  "deleted": 0
 }
}