{
 "name": "*",
 "type": "engram",
 "smt": {
  "model": "any",
  "locus": "*",
  "schema": "*",
  "key": "*"
 },
 "fields": [
  {
   "name": "Foo",
   "type": "keyword",
   "size": 7
  },
  {
   "name": "Bar",
   "type": "text",
   "size": 13
  }
 ]
}